[digamberbhati.github.io/sofsecure.io/index.html]
[backblue.gif]
[fade.gif]
[index.html]
[digamberbhati.github.io/sofsecure.io/assets/img/logo/logowhite.png]
[digamberbhati.github.io/sofsecure.io/assets/vendor/aos/aos.css]
[digamberbhati.github.io/sofsecure.io/assets/vendor/bootstrap/css/bootstrap.min.css]
[digamberbhati.github.io/sofsecure.io/assets/vendor/bootstrap-icons/bootstrap-icons.css]
[digamberbhati.github.io/sofsecure.io/assets/vendor/boxicons/css/boxicons.min.css]
[digamberbhati.github.io/sofsecure.io/assets/vendor/glightbox/css/glightbox.min.css]
[digamberbhati.github.io/sofsecure.io/assets/vendor/remixicon/remixicon.css]
[digamberbhati.github.io/sofsecure.io/assets/vendor/swiper/swiper-bundle.min.css]
[digamberbhati.github.io/sofsecure.io/assets/css/style.css]
[digamberbhati.github.io/sofsecure.io/assets/img/logo/logo (7).png]
[digamberbhati.github.io/sofsecure.io/About.html]
[digamberbhati.github.io/sofsecure.io/service.html]
[digamberbhati.github.io/sofsecure.io/careers.html]
[digamberbhati.github.io/sofsecure.io/contact.html]
[digamberbhati.github.io/sofsecure.io/leadership-team.html]
[digamberbhati.github.io/sofsecure.io/our-client.html]
[digamberbhati.github.io/sofsecure.io/Industries.html]
[digamberbhati.github.io/sofsecure.io/support.html]
[digamberbhati.github.io/sofsecure.io/assets/img/hero.png]
[digamberbhati.github.io/sofsecure.io/assets/img/risky.webp]
[digamberbhati.github.io/sofsecure.io/assets/img/skills.png]
[digamberbhati.github.io/sofsecure.io/IT-Audit-Services.html]
[digamberbhati.github.io/sofsecure.io/SOC-Reports.html]
[digamberbhati.github.io/sofsecure.io/Cybersecurity-Assessment.html]
[digamberbhati.github.io/sofsecure.io/IT-Governance-and-Compliance.html]
[digamberbhati.github.io/sofsecure.io/Agile-Internal-Audit.html]
[digamberbhati.github.io/sofsecure.io/Board & Audit-Committee-Governance.html]
[digamberbhati.github.io/sofsecure.io/Enterprise-Risk-Management.html]
[digamberbhati.github.io/sofsecure.io/ESG-and-sustainability.html]
[digamberbhati.github.io/sofsecure.io/Privacy.html]
[digamberbhati.github.io/sofsecure.io/Regulatory-Compliance.html]
[digamberbhati.github.io/sofsecure.io/Sarbanes-Oxley(SOX)Compliance.html]
[digamberbhati.github.io/sofsecure.io/SubmitRFP.html]
[digamberbhati.github.io/sofsecure.io/locations.html]
[digamberbhati.github.io/sofsecure.io/Termsandservice.html]
[digamberbhati.github.io/sofsecure.io/Privacy-policy.html]
[digamberbhati.github.io/sofsecure.io/assets/vendor/aos/aos.js]
[digamberbhati.github.io/sofsecure.io/assets/vendor/bootstrap/js/bootstrap.bundle.min.js]
[digamberbhati.github.io/sofsecure.io/assets/vendor/glightbox/js/glightbox.min.js]
[digamberbhati.github.io/sofsecure.io/assets/vendor/isotope-layout/isotope.pkgd.min.js]
[digamberbhati.github.io/sofsecure.io/assets/vendor/php-email-form/validate.js]
[digamberbhati.github.io/sofsecure.io/assets/vendor/swiper/swiper-bundle.min.js]
[digamberbhati.github.io/sofsecure.io/assets/vendor/waypoints/noframework.waypoints.js]
[digamberbhati.github.io/sofsecure.io/assets/js/main.js]
[digamberbhati.github.io/sofsecure.io/index.html]
[digamberbhati.github.io/sofsecure.io/assets/vendor/aos/aos.css]
[digamberbhati.github.io/sofsecure.io/assets/vendor/bootstrap/css/bootstrap.min.css]
[digamberbhati.github.io/sofsecure.io/assets/vendor/bootstrap-icons/fonts/bootstrap-icons63f3.woff2]
[digamberbhati.github.io/sofsecure.io/assets/vendor/bootstrap-icons/fonts/bootstrap-icons63f3.woff]
[digamberbhati.github.io/sofsecure.io/assets/vendor/bootstrap-icons/bootstrap-icons.css]
[digamberbhati.github.io/sofsecure.io/assets/vendor/boxicons/fonts/boxicons.eot]
[digamberbhati.github.io/sofsecure.io/assets/vendor/boxicons/fonts/boxicons.woff2]
[digamberbhati.github.io/sofsecure.io/assets/vendor/boxicons/fonts/boxicons.woff]
[digamberbhati.github.io/sofsecure.io/assets/vendor/boxicons/fonts/boxicons.ttf]
[digamberbhati.github.io/sofsecure.io/assets/vendor/boxicons/css/boxicons.min.css]
[digamberbhati.github.io/sofsecure.io/assets/vendor/glightbox/css/glightbox.min.css]
[digamberbhati.github.io/sofsecure.io/assets/vendor/boxicons/fonts/boxiconsd41d.svg]
[digamberbhati.github.io/sofsecure.io/assets/vendor/remixicon/remixicondf6d.eot]
[digamberbhati.github.io/sofsecure.io/assets/vendor/remixicon/remixicondf6d.woff2]
[digamberbhati.github.io/sofsecure.io/assets/vendor/remixicon/remixicondf6d.woff]
[digamberbhati.github.io/sofsecure.io/assets/vendor/remixicon/remixicondf6d.ttf]
[digamberbhati.github.io/sofsecure.io/assets/vendor/remixicon/remixicon.css]
[digamberbhati.github.io/sofsecure.io/assets/vendor/swiper/swiper-bundle.min.css]
[digamberbhati.github.io/sofsecure.io/assets/vendor/remixicon/remixicondf6d.svg]
[digamberbhati.github.io/sofsecure.io/assets/img/contact.png]
[digamberbhati.github.io/sofsecure.io/assets/css/style.css]
[digamberbhati.github.io/sofsecure.io/About.html]
[digamberbhati.github.io/sofsecure.io/service.html]
[digamberbhati.github.io/sofsecure.io/careers.html]
[digamberbhati.github.io/sofsecure.io/contact.html]
[digamberbhati.github.io/sofsecure.io/leadership-team.html]
[digamberbhati.github.io/sofsecure.io/assets/img/clients/client1.png]
[digamberbhati.github.io/sofsecure.io/assets/img/clients/client-2.png]
[digamberbhati.github.io/sofsecure.io/assets/img/clients/client2.png]
[digamberbhati.github.io/sofsecure.io/assets/img/clients/client4.png]
[digamberbhati.github.io/sofsecure.io/assets/img/clients/client-5.png]
[digamberbhati.github.io/sofsecure.io/assets/img/clients/client3.png]
[digamberbhati.github.io/sofsecure.io/our-client.html]
[digamberbhati.github.io/sofsecure.io/Industries.html]
[digamberbhati.github.io/sofsecure.io/support.html]
[digamberbhati.github.io/sofsecure.io/assets/img/logo/logo (7).png alt=]
[digamberbhati.github.io/sofsecure.io/assets/img/itaudit.png]
[digamberbhati.github.io/sofsecure.io/IT-Audit-Services.html]
[digamberbhati.github.io/sofsecure.io/assets/img/soc.png]
[digamberbhati.github.io/sofsecure.io/SOC-Reports.html]
[digamberbhati.github.io/sofsecure.io/assets/img/cybersecurity.png]
[digamberbhati.github.io/sofsecure.io/Cybersecurity-Assessment.html]
[digamberbhati.github.io/sofsecure.io/assets/img/governanace.png]
[digamberbhati.github.io/sofsecure.io/IT-Governance-and-Compliance.html]
[digamberbhati.github.io/sofsecure.io/assets/img/internalaudit.png]
[digamberbhati.github.io/sofsecure.io/Agile-Internal-Audit.html]
[digamberbhati.github.io/sofsecure.io/assets/img/board.png]
[digamberbhati.github.io/sofsecure.io/Board & Audit-Committee-Governance.html]
[digamberbhati.github.io/sofsecure.io/Enterprise-Risk-Management.html]
[digamberbhati.github.io/sofsecure.io/assets/img/sustainability.png]
[digamberbhati.github.io/sofsecure.io/ESG-and-sustainability.html]
[digamberbhati.github.io/sofsecure.io/assets/img/privacy.png]
[digamberbhati.github.io/sofsecure.io/Privacy.html]
[digamberbhati.github.io/sofsecure.io/assets/img/regulatory.png]
[digamberbhati.github.io/sofsecure.io/Regulatory-Compliance.html]
[digamberbhati.github.io/sofsecure.io/assets/img/sox.png]
[digamberbhati.github.io/sofsecure.io/Sarbanes-Oxley(SOX)Compliance.html]
[digamberbhati.github.io/sofsecure.io/SubmitRFP.html]
[digamberbhati.github.io/sofsecure.io/locations.html]
[digamberbhati.github.io/sofsecure.io/Termsandservice.html]
[digamberbhati.github.io/sofsecure.io/Privacy-policy.html]
[digamberbhati.github.io/sofsecure.io/assets/vendor/boxicons/fonts/boxiconsd41d.svg]
[digamberbhati.github.io/sofsecure.io/assets/vendor/remixicon/remixicondf6d.svg]
[digamberbhati.github.io/sofsecure.io/assets/img/logo/logo (7).html]
